main.c:125:6:HAL_GPIO_EXTI_Callback	16	static
main.c:137:6:HAL_TIM_PeriodElapsedCallback	16	static
main.c:154:6:parse	96	static
main.c:171:6:HAL_UART_RxCpltCallback	200	static
main.c:180:10:ramp	24	static
main.c:198:6:motor_speed	16	static
main.c:247:6:motor_stop	8	static
main.c:253:6:motor_init	8	static
main.c:275:5:main	32	static
main.c:428:6:SystemClock_Config	88	static
main.c:473:13:MX_TIM1_Init	56	static
main.c:523:13:MX_TIM3_Init	56	static
main.c:572:13:MX_TIM4_Init	64	static
main.c:631:13:MX_TIM6_Init	16	static
main.c:669:13:MX_TIM10_Init	8	static
main.c:700:13:MX_TIM11_Init	8	static
main.c:731:13:MX_TIM13_Init	8	static
main.c:762:13:MX_USART2_UART_Init	8	static
main.c:793:13:MX_DMA_Init	16	static
main.c:820:13:MX_GPIO_Init	56	static
main.c:881:6:Error_Handler	4	static
