main.c:98:6:HAL_GPIO_EXTI_Callback	16	static
main.c:107:6:HAL_TIM_PeriodElapsedCallback	16	static
main.c:116:6:motor_speed	16	static
main.c:175:6:motor_stop	8	static
main.c:181:6:motor_init	8	static
main.c:191:6:motor_go	8	static
main.c:202:9:alfa_beta	40	static
main.c:235:5:main	16	static
main.c:359:6:SystemClock_Config	88	static
main.c:402:13:MX_TIM1_Init	56	static
main.c:452:13:MX_TIM3_Init	56	static
main.c:501:13:MX_TIM4_Init	64	static
main.c:560:13:MX_TIM10_Init	8	static
main.c:591:13:MX_TIM11_Init	8	static
main.c:620:13:MX_DMA_Init	16	static
main.c:638:13:MX_GPIO_Init	56	static
main.c:699:6:Error_Handler	4	static
