stm32f4xx_it.c:75:6:NMI_Handler	4	static
stm32f4xx_it.c:88:6:HardFault_Handler	4	static
stm32f4xx_it.c:103:6:MemManage_Handler	4	static
stm32f4xx_it.c:118:6:BusFault_Handler	4	static
stm32f4xx_it.c:133:6:UsageFault_Handler	4	static
stm32f4xx_it.c:148:6:SVC_Handler	4	static
stm32f4xx_it.c:161:6:DebugMon_Handler	4	static
stm32f4xx_it.c:174:6:PendSV_Handler	4	static
stm32f4xx_it.c:187:6:SysTick_Handler	8	static
stm32f4xx_it.c:208:6:EXTI0_IRQHandler	8	static
stm32f4xx_it.c:222:6:DMA1_Stream0_IRQHandler	8	static
stm32f4xx_it.c:236:6:EXTI9_5_IRQHandler	8	static
stm32f4xx_it.c:250:6:TIM1_UP_TIM10_IRQHandler	8	static
stm32f4xx_it.c:265:6:TIM1_TRG_COM_TIM11_IRQHandler	8	static
stm32f4xx_it.c:280:6:TIM4_IRQHandler	8	static
stm32f4xx_it.c:294:6:TIM8_UP_TIM13_IRQHandler	8	static
