stm32f4xx_it.c:78:6:NMI_Handler	4	static
stm32f4xx_it.c:91:6:HardFault_Handler	4	static
stm32f4xx_it.c:106:6:MemManage_Handler	4	static
stm32f4xx_it.c:121:6:BusFault_Handler	4	static
stm32f4xx_it.c:136:6:UsageFault_Handler	4	static
stm32f4xx_it.c:151:6:SVC_Handler	4	static
stm32f4xx_it.c:164:6:DebugMon_Handler	4	static
stm32f4xx_it.c:177:6:PendSV_Handler	4	static
stm32f4xx_it.c:190:6:SysTick_Handler	8	static
stm32f4xx_it.c:211:6:EXTI0_IRQHandler	8	static
stm32f4xx_it.c:225:6:DMA1_Stream0_IRQHandler	8	static
stm32f4xx_it.c:239:6:DMA1_Stream5_IRQHandler	8	static
stm32f4xx_it.c:253:6:DMA1_Stream6_IRQHandler	8	static
stm32f4xx_it.c:267:6:EXTI9_5_IRQHandler	8	static
stm32f4xx_it.c:282:6:TIM1_BRK_TIM9_IRQHandler	8	static
stm32f4xx_it.c:296:6:TIM1_UP_TIM10_IRQHandler	8	static
stm32f4xx_it.c:311:6:TIM1_TRG_COM_TIM11_IRQHandler	8	static
stm32f4xx_it.c:326:6:TIM4_IRQHandler	8	static
stm32f4xx_it.c:340:6:USART2_IRQHandler	8	static
stm32f4xx_it.c:354:6:TIM8_UP_TIM13_IRQHandler	8	static
